Running php-build composer
WARNING! Your password will be stored unencrypted in /home/runner/.docker/config.json.
Configure a credential helper to remove this warning. See
https://docs.docker.com/engine/reference/commandline/login/#credentials-store

Login Succeeded
Pulling docker.pkg.github.com/zodiac1978/plugin-report/php-actions_composer_plugin-report:php-latest-build2
Error response from daemon: manifest unknown
Dockerfile:
FROM php:cli-alpine
RUN apk add --update --no-cache zip git bash openssh
#0 building with "default" instance using docker driver

#1 [internal] load build definition from Dockerfile
#1 transferring dockerfile: 110B done
#1 DONE 0.0s

#2 [auth] library/php:pull token for registry-1.docker.io
#2 DONE 0.0s

#3 [internal] load metadata for docker.io/library/php:cli-alpine
#3 DONE 0.5s

#4 [internal] load .dockerignore
#4 transferring context: 2B done
#4 DONE 0.0s

#5 [1/2] FROM docker.io/library/php:cli-alpine@sha256:0c005fbcdecc04fe63d21220b0fdb7aba9f14b8bc92646a363a019fd65ca12fc
#5 DONE 0.0s

#6 importing cache manifest from docker.pkg.github.com/zodiac1978/plugin-report/php-actions_composer_plugin-report:php-latest-build2
#6 ERROR: failed to configure registry cache importer: unexpected status from HEAD request to https://docker.pkg.github.com/v2/zodiac1978/plugin-report/php-actions_composer_plugin-report/manifests/php-latest-build2: 401 Unauthorized

#5 [1/2] FROM docker.io/library/php:cli-alpine@sha256:0c005fbcdecc04fe63d21220b0fdb7aba9f14b8bc92646a363a019fd65ca12fc
#5 resolve docker.io/library/php:cli-alpine@sha256:0c005fbcdecc04fe63d21220b0fdb7aba9f14b8bc92646a363a019fd65ca12fc done
#5 sha256:e9e21e4b766e22ad7ab55d6e50d907e8669c6480a87c9930f0a866c10799c8e8 7.60kB / 7.60kB done
#5 sha256:0c005fbcdecc04fe63d21220b0fdb7aba9f14b8bc92646a363a019fd65ca12fc 10.30kB / 10.30kB done
#5 sha256:f18232174bc91741fdf3da96d85011092101a032a93a388b79e99e69c2d5c870 3.47MB / 3.64MB 0.1s
#5 sha256:b1220d176a8dc4ff5bc1c09d81c91223d1db607237a519d56119410deee673cd 0B / 3.34MB 0.1s
#5 sha256:115c7a04f6c00070d91613ceaf576994307c0b84a90f0b1a088bbf9776a4c43b 0B / 933B 0.1s
#5 sha256:4458133a931b614540fb42a2d5b366c412ffe43fb079057a99634399805efab9 2.68kB / 2.68kB done
#5 sha256:f18232174bc91741fdf3da96d85011092101a032a93a388b79e99e69c2d5c870 3.64MB / 3.64MB 0.1s done
#5 sha256:b1220d176a8dc4ff5bc1c09d81c91223d1db607237a519d56119410deee673cd 3.34MB / 3.34MB 0.1s done
#5 sha256:115c7a04f6c00070d91613ceaf576994307c0b84a90f0b1a088bbf9776a4c43b 933B / 933B 0.1s done
#5 extracting sha256:f18232174bc91741fdf3da96d85011092101a032a93a388b79e99e69c2d5c870 0.1s done
#5 sha256:0d55cff53123d85a9177c4f1c8be768cdc148f4e75add12c2b2dac3b767c836e 222B / 222B 0.2s done
#5 sha256:88d591373a1942f2bef00fa93d9a78e9ee85117617f7d4bd07858e863f6b81ff 0B / 13.63MB 0.2s
#5 sha256:ffeef6b41a5682ccf70b716a775cc8e6f5dbf548ddec432240ec0f9bf7fb5026 0B / 20.96MB 0.2s
#5 extracting sha256:b1220d176a8dc4ff5bc1c09d81c91223d1db607237a519d56119410deee673cd
#5 sha256:88d591373a1942f2bef00fa93d9a78e9ee85117617f7d4bd07858e863f6b81ff 4.19MB / 13.63MB 0.3s
#5 sha256:ffeef6b41a5682ccf70b716a775cc8e6f5dbf548ddec432240ec0f9bf7fb5026 12.58MB / 20.96MB 0.3s
#5 sha256:dc6d32971fca8bf54c40f3af5a57e10e6c18f4586e18be60b8fd802d0b5c6167 487B / 487B 0.2s done
#5 sha256:6d95abe48138673ff509234f4be1d0a54c2ddcd056348417b10517a3eefcb485 2.45kB / 2.45kB 0.2s done
#5 sha256:a80d3af78a9d898a9b670384f9b1cf9632c2b68d324bd8a03779a70e8fbfd4ed 0B / 20.04kB 0.3s
#5 sha256:88d591373a1942f2bef00fa93d9a78e9ee85117617f7d4bd07858e863f6b81ff 7.34MB / 13.63MB 0.4s
#5 sha256:ffeef6b41a5682ccf70b716a775cc8e6f5dbf548ddec432240ec0f9bf7fb5026 20.96MB / 20.96MB 0.4s
#5 extracting sha256:b1220d176a8dc4ff5bc1c09d81c91223d1db607237a519d56119410deee673cd 0.1s done
#5 sha256:a80d3af78a9d898a9b670384f9b1cf9632c2b68d324bd8a03779a70e8fbfd4ed 20.04kB / 20.04kB 0.3s done
#5 extracting sha256:115c7a04f6c00070d91613ceaf576994307c0b84a90f0b1a088bbf9776a4c43b
#5 sha256:88d591373a1942f2bef00fa93d9a78e9ee85117617f7d4bd07858e863f6b81ff 13.63MB / 13.63MB 0.5s done
#5 sha256:ffeef6b41a5682ccf70b716a775cc8e6f5dbf548ddec432240ec0f9bf7fb5026 20.96MB / 20.96MB 0.4s done
#5 extracting sha256:115c7a04f6c00070d91613ceaf576994307c0b84a90f0b1a088bbf9776a4c43b done
#5 extracting sha256:0d55cff53123d85a9177c4f1c8be768cdc148f4e75add12c2b2dac3b767c836e done
#5 extracting sha256:88d591373a1942f2bef00fa93d9a78e9ee85117617f7d4bd07858e863f6b81ff 0.1s done
#5 extracting sha256:dc6d32971fca8bf54c40f3af5a57e10e6c18f4586e18be60b8fd802d0b5c6167
#5 extracting sha256:dc6d32971fca8bf54c40f3af5a57e10e6c18f4586e18be60b8fd802d0b5c6167 done
#5 extracting sha256:ffeef6b41a5682ccf70b716a775cc8e6f5dbf548ddec432240ec0f9bf7fb5026 0.1s
#5 extracting sha256:ffeef6b41a5682ccf70b716a775cc8e6f5dbf548ddec432240ec0f9bf7fb5026 0.5s done
#5 extracting sha256:6d95abe48138673ff509234f4be1d0a54c2ddcd056348417b10517a3eefcb485
#5 extracting sha256:6d95abe48138673ff509234f4be1d0a54c2ddcd056348417b10517a3eefcb485 done
#5 extracting sha256:a80d3af78a9d898a9b670384f9b1cf9632c2b68d324bd8a03779a70e8fbfd4ed done
#5 DONE 1.2s

#7 [2/2] RUN apk add --update --no-cache zip git bash openssh
#7 0.140 fetch https://dl-cdn.alpinelinux.org/alpine/v3.21/main/x86_64/APKINDEX.tar.gz
#7 0.220 fetch https://dl-cdn.alpinelinux.org/alpine/v3.21/community/x86_64/APKINDEX.tar.gz
#7 0.537 (1/15) Installing bash (5.2.37-r0)
#7 0.556 Executing bash-5.2.37-r0.post-install
#7 0.560 (2/15) Installing libexpat (2.7.0-r0)
#7 0.566 (3/15) Installing pcre2 (10.43-r0)
#7 0.575 (4/15) Installing git (2.47.2-r0)
#7 0.642 (5/15) Installing git-init-template (2.47.2-r0)
#7 0.647 (6/15) Installing openssh-keygen (9.9_p2-r0)
#7 0.654 (7/15) Installing libedit (20240808.3.1-r0)
#7 0.659 (8/15) Installing openssh-client-common (9.9_p2-r0)
#7 0.677 (9/15) Installing openssh-client-default (9.9_p2-r0)
#7 0.688 (10/15) Installing openssh-sftp-server (9.9_p2-r0)
#7 0.693 (11/15) Installing openssh-server-common (9.9_p2-r0)
#7 0.696 (12/15) Installing openssh-server (9.9_p2-r0)
#7 0.711 (13/15) Installing openssh (9.9_p2-r0)
#7 0.717 (14/15) Installing unzip (6.0-r15)
#7 0.724 (15/15) Installing zip (3.0-r13)
#7 0.731 Executing busybox-1.37.0-r12.trigger
#7 0.739 OK: 33 MiB in 55 packages
#7 DONE 0.9s

#8 exporting to image
#8 exporting layers
#8 exporting layers 0.8s done
#8 writing image sha256:425526d9f58e86e26c5b4db51654736a029cbdb29b1fde5a098dc86e20b859d8 done
#8 naming to docker.pkg.github.com/zodiac1978/plugin-report/php-actions_composer_plugin-report:php-latest-build2 done
#8 DONE 0.8s
------
 > importing cache manifest from docker.pkg.github.com/zodiac1978/plugin-report/php-actions_composer_plugin-report:php-latest-build2:
------
The push refers to repository [docker.pkg.github.com/zodiac1978/plugin-report/php-actions_composer_plugin-report]
37297bd3abe9: Preparing
2cbb198f7537: Preparing
07a69626c242: Preparing
6e19e8226d74: Preparing
a9b854b4091b: Preparing
eeea736c7022: Preparing
74492eaedffd: Preparing
e7d6c8908175: Preparing
6a1fde1a6f15: Preparing
08000c18d16d: Preparing
e7d6c8908175: Waiting
6a1fde1a6f15: Waiting
08000c18d16d: Waiting
eeea736c7022: Waiting
74492eaedffd: Waiting
2cbb198f7537: Pushed
07a69626c242: Pushed
a9b854b4091b: Pushed
37297bd3abe9: Pushed
74492eaedffd: Pushed
e7d6c8908175: Pushed
eeea736c7022: Pushed
6a1fde1a6f15: Pushed
08000c18d16d: Pushed
6e19e8226d74: Pushed
php-latest-build2: digest: sha256:b88739576258585129cdf9ec6a4e73fcd155cd73fede0d36fa62d27d162a5c62 size: 2412
Docker tag: docker.pkg.github.com/zodiac1978/plugin-report/php-actions_composer_plugin-report:php-latest-build2
No private keys supplied
Command: composer install --no-progress --no-interaction --ignore-platform-reqs
